// Jest Snapshot v1, https://goo.gl/fbAQLP

exports[`Card component Matches the snapshot 1`] = `
<div
  className="col-xl-3 col-sm-6 col-12"
>
  <div
    className="card m-0 m-2"
  >
    <div
      className="card-content"
    >
      <div
        className="card-body p-1"
      >
        <div
          className="media d-flex"
        >
          <div
            className="align-self-center"
          >
            <i
              className="icon-speech warning font-large-2 float-left"
            />
          </div>
          <div
            className="media-body text-right ml-2"
          >
            <h3
              style={
                Object {
                  "color": "#443266",
                  "fontWeight": "900",
                }
              }
            />
            <span
              data-testid="card-title"
              style={
                Object {
                  "color": "",
                }
              }
            />
          </div>
        </div>
      </div>
    </div>
  </div>
</div>
`;
